../Core/Src/main.c:100:5:main	16	static
../Core/Src/main.c:188:6:SystemClock_Config	136	static
../Core/Src/main.c:237:13:MX_USART2_UART_Init	8	static
../Core/Src/main.c:272:13:MX_USART4_UART_Init	8	static
../Core/Src/main.c:307:13:MX_USART5_UART_Init	8	static
../Core/Src/main.c:342:13:MX_GPIO_Init	56	static
../Core/Src/main.c:371:6:HostOut	32	static
../Core/Src/main.c:404:6:SlaveOut	32	static
../Core/Src/main.c:445:6:HostTask	112	static
../Core/Src/main.c:510:6:SlaveTask	120	static
../Core/Src/main.c:575:6:StartTask	16	static
../Core/Src/main.c:592:6:Error_Handler	8	static,ignoring_inline_asm
