../Core/Src/SCP.c:47:28:IsValid	32	static
../Core/Src/SCP.c:86:13:WriteData	32	static
../Core/Src/SCP.c:96:17:Serialize	32	static
../Core/Src/SCP.c:131:17:DeserializePayload	24	static
../Core/Src/SCP.c:162:17:DeserializeFrame	32	static
../Core/Src/SCP.c:231:6:CreateHost	24	static
../Core/Src/SCP.c:255:13:ReadHost	24	static
../Core/Src/SCP.c:262:24:IsHostValid	16	static
../Core/Src/SCP.c:269:13:WriteHostData	24	static
../Core/Src/SCP.c:272:10:GetHostPackageSize	16	static
../Core/Src/SCP.c:278:17:CreateRequest	24	static
../Core/Src/SCP.c:287:6:SetRegisterAddr	16	static
../Core/Src/SCP.c:295:6:ChangeFrameType	16	static
../Core/Src/SCP.c:308:6:CreateSlave	24	static
../Core/Src/SCP.c:330:13:ReadSlave	24	static
../Core/Src/SCP.c:337:24:IsSlaveValid	16	static
../Core/Src/SCP.c:344:13:WriteSlaveData	24	static
../Core/Src/SCP.c:347:10:GetSlavePackageSize	16	static
../Core/Src/SCP.c:353:17:CreateResponse	24	static
../Core/Src/SCP.c:362:17:Crc16	32	static
../Core/Src/SCP.c:372:13:CheckType	16	static
../Core/Src/SCP.c:375:13:CheckMPU	16	static
../Core/Src/SCP.c:380:13:CheckRegisterAddr	16	static
